<html>
<body>
<pre>
<h1>µVision Build Log</h1>
<h2>Tool Versions:</h2>
IDE-Version: µVision V5.37.0.0
Copyright (C) 2022 ARM Ltd and ARM Germany GmbH. All rights reserved.
License Information: Salvatore Cavallaro Politecnico Turin Flex license: MDK Professional 5.37 (Flex) (mdk_pro) Operation stops: 10 Mar 2024
 
Tool Versions:
Toolchain:       MDK Professional 5.37 (Flex)  Version: 5.37.0.0
Toolchain Path:  C:\Keil_v5\ARM\ARMCLANG5\Bin
C Compiler:      Armcc.exe V5.06 update 7 (build 960)
Assembler:       Armasm.exe V5.06 update 7 (build 960)
Linker/Locator:  ArmLink.exe V5.06 update 7 (build 960)
Library Manager: ArmAr.exe V5.06 update 7 (build 960)
Hex Converter:   FromElf.exe V5.06 update 7 (build 960)
CPU DLL:         SARMCM3.DLL V5.37.0.0
Dialog DLL:      DARMP1.DLL V1.28.1.0
Target DLL:      UL2CM3.DLL V1.164.7.0
Dialog DLL:      TARMP1.DLL V1.27.1.0
 
<h2>Project:</h2>
C:\Users\Sal96\Desktop\PoliTo\Architetture dei sistemi di elaborazione\LAB DA CONSEGNARE\extra_points_01\new\12_sample_GLCD_TP\12_sample_GLCD_TP\sample.uvprojx
Project File Date:  01/07/2023

<h2>Output:</h2>
*** Using Compiler 'V5.06 update 7 (build 960)', folder: 'C:\Keil_v5\ARM\ARMCLANG5\Bin'
Rebuild target 'Target 1'
assembling startup_LPC17xx.s...
compiling AsciiLib.c...
compiling HzLib.c...
compiling lib_joystick.c...
compiling funct_led.c...
compiling lib_timer.c...
compiling funct_joystick.c...
compiling lib_led.c...
compiling sample.c...
compiling IRQ_timer.c...
timer\IRQ_timer.c(309): warning:  #223-D: function "sprintf" declared implicitly
  		sprintf(Strseconds,"%d",seconds);
timer\IRQ_timer.c(311): warning:  #223-D: function "sprintf" declared implicitly
  		sprintf(Strseconds,"0%d",seconds);
timer\IRQ_timer.c(314): warning:  #223-D: function "sprintf" declared implicitly
  	sprintf(Strminutes,"%d",minutes);
timer\IRQ_timer.c(316): warning:  #223-D: function "sprintf" declared implicitly
  		sprintf(Strminutes,"0%d",minutes);
timer\IRQ_timer.c(319): warning:  #223-D: function "sprintf" declared implicitly
  	sprintf(Strhours,"%d",hours);
timer\IRQ_timer.c(321): warning:  #223-D: function "sprintf" declared implicitly
  		sprintf(Strhours,"0%d",hours);
timer\IRQ_timer.c(324): warning:  #223-D: function "sprintf" declared implicitly
  	sprintf(time_in_char2,"Age: %s:%s:%s ",Strhours,Strminutes,Strseconds);
timer\IRQ_timer.c: 7 warnings, 0 errors
compiling system_LPC17xx.c...
compiling lib_RIT.c...
compiling TouchPanel.c...
compiling core_cm3.c...
compiling IRQ_RIT.c...
compiling GLCD.c...
linking...
Program Size: Code=35676 RO-data=121356 RW-data=76 ZI-data=612  
".\sample.axf" - 0 Error(s), 7 Warning(s).

<h2>Software Packages used:</h2>

Package Vendor: ARM
                http://www.keil.com/pack/ARM.CMSIS.5.9.0.pack
                ARM.CMSIS.5.9.0
                CMSIS (Common Microcontroller Software Interface Standard)
   * Component: CORE Version: 5.6.0

Package Vendor: Keil
                http://www.keil.com/pack/Keil.LPC1700_DFP.2.7.1.pack
                Keil.LPC1700_DFP.2.7.1
                NXP LPC1700 Series Device Support, Drivers and Examples for MCB1700 and LPC1788-32

<h2>Collection of Component include folders:</h2>
  ./RTE/_Target_1
  C:/Users/Sal96/AppData/Local/Arm/Packs/ARM/CMSIS/5.9.0/CMSIS/Core/Include
  C:/Users/Sal96/AppData/Local/Arm/Packs/Keil/LPC1700_DFP/2.7.1/Device/Include

<h2>Collection of Component Files used:</h2>

   * Component: ARM::CMSIS:CORE:5.6.0
Build Time Elapsed:  00:00:03
</pre>
</body>
</html>
